2026-04-10 16:09:19,535 | INFO | ============================================================
2026-04-10 16:09:19,535 | INFO | E-Commerce ETL Pipeline - 2026-04-10 16:09:19.535882
2026-04-10 16:09:19,536 | INFO | ============================================================
2026-04-10 16:09:19,536 | WARNING | API  error: Session.request() got an unexpected keyword argument 'timout'. Did you mean 'timeout'? - using fallback 18.5
2026-04-10 16:09:20,030 | INFO | Loading stagging tables...
2026-04-10 16:09:20,031 | INFO | Loading olist_orders_dataset.csv...
2026-04-10 16:09:20,614 | ERROR | Pipeline FAILED: ('42S22', "[42S22] [Microsoft][ODBC Driver 17 for SQL Server][SQL Server]Invalid column name 'order_estimated_delivery_date'. (207) (SQLExecDirectW); [42S22] [Microsoft][ODBC Driver 17 for SQL Server][SQL Server]There are fewer columns in the INSERT statement than values specified in the VALUES clause. The number of values in the VALUES clause must match the number of columns specified in the INSERT statement. (110); [42S22] [Microsoft][ODBC Driver 17 for SQL Server][SQL Server]Statement(s) could not be prepared. (8180)")
2026-04-10 16:16:00,858 | INFO | ============================================================
2026-04-10 16:16:00,860 | INFO | E-Commerce ETL Pipeline - 2026-04-10 16:16:00.860847
2026-04-10 16:16:00,861 | INFO | ============================================================
2026-04-10 16:16:00,863 | WARNING | API  error: Session.request() got an unexpected keyword argument 'timout'. Did you mean 'timeout'? - using fallback 18.5
2026-04-10 16:16:01,128 | INFO | Loading stagging tables...
2026-04-10 16:16:01,129 | INFO | Loading olist_orders_dataset.csv...
2026-04-10 16:16:01,732 | ERROR | Pipeline FAILED: ('42S22', "[42S22] [Microsoft][ODBC Driver 17 for SQL Server][SQL Server]Invalid column name 'order_estimated_delivery_date'. (207) (SQLExecDirectW); [42S22] [Microsoft][ODBC Driver 17 for SQL Server][SQL Server]There are fewer columns in the INSERT statement than values specified in the VALUES clause. The number of values in the VALUES clause must match the number of columns specified in the INSERT statement. (110); [42S22] [Microsoft][ODBC Driver 17 for SQL Server][SQL Server]Statement(s) could not be prepared. (8180)")
2026-04-10 16:26:59,296 | INFO | ============================================================
2026-04-10 16:26:59,297 | INFO | E-Commerce ETL Pipeline - 2026-04-10 16:26:59.297840
2026-04-10 16:26:59,298 | INFO | ============================================================
2026-04-10 16:26:59,298 | WARNING | API  error: Session.request() got an unexpected keyword argument 'timout'. Did you mean 'timeout'? - using fallback 18.5
2026-04-10 16:26:59,453 | INFO | Loading stagging tables...
2026-04-10 16:26:59,454 | INFO | Loading olist_orders_dataset.csv...
2026-04-10 16:26:59,943 | ERROR | Pipeline FAILED: ('42S22', "[42S22] [Microsoft][ODBC Driver 17 for SQL Server][SQL Server]Invalid column name 'order_estimated_delivery_date'. (207) (SQLExecDirectW); [42S22] [Microsoft][ODBC Driver 17 for SQL Server][SQL Server]There are fewer columns in the INSERT statement than values specified in the VALUES clause. The number of values in the VALUES clause must match the number of columns specified in the INSERT statement. (110); [42S22] [Microsoft][ODBC Driver 17 for SQL Server][SQL Server]Statement(s) could not be prepared. (8180)")
2026-04-10 16:31:58,438 | INFO | ============================================================
2026-04-10 16:31:58,439 | INFO | E-Commerce ETL Pipeline - 2026-04-10 16:31:58.439162
2026-04-10 16:31:58,439 | INFO | ============================================================
2026-04-10 16:31:58,440 | WARNING | API  error: Session.request() got an unexpected keyword argument 'timout'. Did you mean 'timeout'? - using fallback 18.5
2026-04-10 16:31:58,574 | INFO | Loading stagging tables...
2026-04-10 16:31:58,575 | INFO | Loading olist_orders_dataset.csv...
2026-04-10 16:31:59,120 | ERROR | Pipeline FAILED: ('42S22', "[42S22] [Microsoft][ODBC Driver 17 for SQL Server][SQL Server]Invalid column name 'order_delivered_carrier_date'. (207) (SQLExecDirectW); [42S22] [Microsoft][ODBC Driver 17 for SQL Server][SQL Server]Invalid column name 'order_delivered_customer_date'. (207); [42S22] [Microsoft][ODBC Driver 17 for SQL Server][SQL Server]Invalid column name 'order_estimated_delivery_date'. (207); [42S22] [Microsoft][ODBC Driver 17 for SQL Server][SQL Server]Statement(s) could not be prepared. (8180)")
2026-04-10 16:35:16,601 | INFO | ============================================================
2026-04-10 16:35:16,601 | INFO | E-Commerce ETL Pipeline - 2026-04-10 16:35:16.601532
2026-04-10 16:35:16,601 | INFO | ============================================================
2026-04-10 16:35:16,602 | WARNING | API  error: Session.request() got an unexpected keyword argument 'timout'. Did you mean 'timeout'? - using fallback 18.5
2026-04-10 16:35:16,706 | INFO | Loading stagging tables...
2026-04-10 16:35:16,706 | INFO | Loading olist_orders_dataset.csv...
2026-04-10 16:35:17,314 | ERROR | Pipeline FAILED: ('42S22', "[42S22] [Microsoft][ODBC Driver 17 for SQL Server][SQL Server]Invalid column name 'order_delivered_carrier_date'. (207) (SQLExecDirectW); [42S22] [Microsoft][ODBC Driver 17 for SQL Server][SQL Server]Invalid column name 'order_delivered_customer_date'. (207); [42S22] [Microsoft][ODBC Driver 17 for SQL Server][SQL Server]Statement(s) could not be prepared. (8180)")
2026-04-10 16:37:51,059 | INFO | ============================================================
2026-04-10 16:37:51,060 | INFO | E-Commerce ETL Pipeline - 2026-04-10 16:37:51.060124
2026-04-10 16:37:51,060 | INFO | ============================================================
2026-04-10 16:37:51,060 | WARNING | API  error: Session.request() got an unexpected keyword argument 'timout'. Did you mean 'timeout'? - using fallback 18.5
2026-04-10 16:37:51,158 | INFO | Loading stagging tables...
2026-04-10 16:37:51,159 | INFO | Loading olist_orders_dataset.csv...
2026-04-10 16:37:51,694 | ERROR | Pipeline FAILED: ('42000', '[42000] [Microsoft][ODBC Driver 17 for SQL Server][SQL Server]The incoming tabular data stream (TDS) remote procedure call (RPC) protocol stream is incorrect. Parameter 9 (""): The supplied value is not a valid instance of data type float. Check the source data for invalid values. An example of an invalid value is data of numeric type with scale greater than precision. (8023) (SQLExecDirectW)')
2026-04-10 16:43:05,062 | INFO | ============================================================
2026-04-10 16:43:05,062 | INFO | E-Commerce ETL Pipeline - 2026-04-10 16:43:05.062818
2026-04-10 16:43:05,063 | INFO | ============================================================
2026-04-10 16:43:05,888 | WARNING | API failed - using fallback rate 18.5
2026-04-10 16:43:06,053 | INFO | Loading stagging tables...
2026-04-10 16:43:06,054 | INFO | Loading olist_orders_dataset.csv...
2026-04-10 16:43:06,652 | ERROR | Pipeline FAILED: ('42000', '[42000] [Microsoft][ODBC Driver 17 for SQL Server][SQL Server]The incoming tabular data stream (TDS) remote procedure call (RPC) protocol stream is incorrect. Parameter 9 (""): The supplied value is not a valid instance of data type float. Check the source data for invalid values. An example of an invalid value is data of numeric type with scale greater than precision. (8023) (SQLExecDirectW)')
2026-04-10 16:53:43,502 | INFO | ============================================================
2026-04-10 16:53:43,502 | INFO | E-Commerce ETL Pipeline - 2026-04-10 16:53:43.502445
2026-04-10 16:53:43,502 | INFO | ============================================================
2026-04-10 16:53:43,886 | WARNING | API failed - using fallback rate 18.5
2026-04-10 16:53:44,014 | INFO | Loading staging tables...
2026-04-10 16:53:44,014 | INFO | Loading olist_orders_dataset.csv...
2026-04-10 16:53:52,391 | INFO | Loaded 99,441 rows into stg_orders
2026-04-10 16:53:52,392 | INFO | Loading olist_order_items_dataset.csv...
2026-04-10 16:54:00,788 | INFO | Loaded 112,650 rows into stg_order_items
2026-04-10 16:54:00,788 | INFO | Loading olist_customers_dataset.csv...
2026-04-10 16:54:01,059 | ERROR | Pipeline FAILED: ('42S22', "[42S22] [Microsoft][ODBC Driver 17 for SQL Server][SQL Server]Invalid column name 'customer_zip_code_prefix'. (207) (SQLExecute); [42S22] [Microsoft][ODBC Driver 17 for SQL Server][SQL Server]Invalid column name 'customer_city'. (207); [42S22] [Microsoft][ODBC Driver 17 for SQL Server][SQL Server]Invalid column name 'customer_state'. (207); [42S22] [Microsoft][ODBC Driver 17 for SQL Server][SQL Server]Statement(s) could not be prepared. (8180)")
2026-04-10 20:07:06,101 | INFO | ============================================================
2026-04-10 20:07:06,101 | INFO | E-Commerce ETL Pipeline - 2026-04-10 20:07:06.101600
2026-04-10 20:07:06,101 | INFO | ============================================================
2026-04-10 20:07:06,879 | WARNING | API failed - using fallback rate 18.5
2026-04-10 20:07:07,062 | INFO | Loading staging tables...
2026-04-10 20:07:07,063 | INFO | Loading olist_orders_dataset.csv...
2026-04-10 20:07:11,375 | INFO | Loaded 99,441 rows into stg_orders
2026-04-10 20:07:11,376 | INFO | Loading olist_order_items_dataset.csv...
2026-04-10 20:07:15,061 | INFO | Loaded 112,650 rows into stg_order_items
2026-04-10 20:07:15,062 | INFO | Loading olist_customers_dataset.csv...
2026-04-10 20:07:17,674 | INFO | Loaded 99,441 rows into stg_customers
2026-04-10 20:07:17,674 | INFO | Loading olist_products_dataset.csv...
2026-04-10 20:07:17,801 | ERROR | Pipeline FAILED: ('42S22', "[42S22] [Microsoft][ODBC Driver 17 for SQL Server][SQL Server]Invalid column name 'product_category_name'. (207) (SQLExecute); [42S22] [Microsoft][ODBC Driver 17 for SQL Server][SQL Server]Invalid column name 'product_name_lenght'. (207); [42S22] [Microsoft][ODBC Driver 17 for SQL Server][SQL Server]Invalid column name 'product_description_lenght'. (207); [42S22] [Microsoft][ODBC Driver 17 for SQL Server][SQL Server]Invalid column name 'product_photos_qty'. (207); [42S22] [Microsoft][ODBC Driver 17 for SQL Server][SQL Server]Invalid column name 'product_weight_g'. (207); [42S22] [Microsoft][ODBC Driver 17 for SQL Server][SQL Server]Invalid column name 'product_length_cm'. (207); [42S22] [Microsoft][ODBC Driver 17 for SQL Server][SQL Server]Invalid column name 'product_height_cm'. (207); [42S22] [Microsoft][ODBC Driver 17 for SQL Server][SQL Server]Invalid column name 'product_width_cm'. (207); [42S22] [Microsoft][ODBC Driver 17 for SQL Server][SQL Server]Statement(s) could not be prepared. (8180)")
2026-04-10 20:10:30,704 | INFO | ============================================================
2026-04-10 20:10:30,704 | INFO | E-Commerce ETL Pipeline - 2026-04-10 20:10:30.704842
2026-04-10 20:10:30,705 | INFO | ============================================================
2026-04-10 20:10:31,471 | WARNING | API failed - using fallback rate 18.5
2026-04-10 20:10:31,625 | INFO | Loading staging tables...
2026-04-10 20:10:31,625 | INFO | Loading olist_orders_dataset.csv...
2026-04-10 20:10:36,284 | INFO | Loaded 99,441 rows into stg_orders
2026-04-10 20:10:36,285 | INFO | Loading olist_order_items_dataset.csv...
2026-04-10 20:10:40,138 | INFO | Loaded 112,650 rows into stg_order_items
2026-04-10 20:10:40,138 | INFO | Loading olist_customers_dataset.csv...
2026-04-10 20:10:43,384 | INFO | Loaded 99,441 rows into stg_customers
2026-04-10 20:10:43,384 | INFO | Loading olist_products_dataset.csv...
2026-04-10 20:10:45,097 | INFO | Loaded 32,951 rows into stg_products
2026-04-10 20:10:45,098 | INFO | Loading olist_sellers_dataset.csv...
2026-04-10 20:10:45,155 | ERROR | Pipeline FAILED: ('42S22', "[42S22] [Microsoft][ODBC Driver 17 for SQL Server][SQL Server]Invalid column name 'seller_zip_code_prefix'. (207) (SQLExecute); [42S22] [Microsoft][ODBC Driver 17 for SQL Server][SQL Server]Invalid column name 'seller_city'. (207); [42S22] [Microsoft][ODBC Driver 17 for SQL Server][SQL Server]Invalid column name 'seller_state'. (207); [42S22] [Microsoft][ODBC Driver 17 for SQL Server][SQL Server]Statement(s) could not be prepared. (8180)")
2026-04-10 20:13:24,038 | INFO | ============================================================
2026-04-10 20:13:24,038 | INFO | E-Commerce ETL Pipeline - 2026-04-10 20:13:24.038518
2026-04-10 20:13:24,038 | INFO | ============================================================
2026-04-10 20:13:24,541 | WARNING | API failed - using fallback rate 18.5
2026-04-10 20:13:24,772 | INFO | Loading staging tables...
2026-04-10 20:13:24,773 | INFO | Loading olist_orders_dataset.csv...
2026-04-10 20:13:29,138 | INFO | Loaded 99,441 rows into stg_orders
2026-04-10 20:13:29,139 | INFO | Loading olist_order_items_dataset.csv...
2026-04-10 20:13:32,842 | INFO | Loaded 112,650 rows into stg_order_items
2026-04-10 20:13:32,842 | INFO | Loading olist_customers_dataset.csv...
2026-04-10 20:13:35,916 | INFO | Loaded 99,441 rows into stg_customers
2026-04-10 20:13:35,916 | INFO | Loading olist_products_dataset.csv...
2026-04-10 20:13:36,818 | INFO | Loaded 32,951 rows into stg_products
2026-04-10 20:13:36,818 | INFO | Loading olist_sellers_dataset.csv...
2026-04-10 20:13:36,905 | INFO | Loaded 3,095 rows into stg_sellers
2026-04-10 20:13:36,906 | INFO | Loading olist_order_payments_dataset.csv...
2026-04-10 20:13:39,860 | INFO | Loaded 103,886 rows into stg_payments
2026-04-10 20:13:39,861 | INFO | Loading olist_order_reviews_dataset.csv...
2026-04-10 20:13:40,295 | ERROR | Pipeline FAILED: ('42S22', "[42S22] [Microsoft][ODBC Driver 17 for SQL Server][SQL Server]Invalid column name 'review_comment_title'. (207) (SQLExecute); [42S22] [Microsoft][ODBC Driver 17 for SQL Server][SQL Server]Invalid column name 'review_comment_message'. (207); [42S22] [Microsoft][ODBC Driver 17 for SQL Server][SQL Server]Invalid column name 'review_answer_timestamp'. (207); [42S22] [Microsoft][ODBC Driver 17 for SQL Server][SQL Server]Statement(s) could not be prepared. (8180)")
2026-04-10 20:28:10,568 | INFO | ============================================================
2026-04-10 20:28:10,569 | INFO | E-Commerce ETL Pipeline - 2026-04-10 20:28:10.569320
2026-04-10 20:28:10,569 | INFO | ============================================================
2026-04-10 20:28:11,724 | WARNING | API failed - using fallback rate 18.5
2026-04-10 20:28:11,790 | INFO | Loading staging tables...
2026-04-10 20:28:11,791 | INFO | Loading olist_orders_dataset.csv...
2026-04-10 20:28:15,860 | INFO | Loaded 99,441 rows into stg_orders
2026-04-10 20:28:15,861 | INFO | Loading olist_order_items_dataset.csv...
2026-04-10 20:28:19,744 | INFO | Loaded 112,650 rows into stg_order_items
2026-04-10 20:28:19,745 | INFO | Loading olist_customers_dataset.csv...
2026-04-10 20:28:22,572 | INFO | Loaded 99,441 rows into stg_customers
2026-04-10 20:28:22,573 | INFO | Loading olist_products_dataset.csv...
2026-04-10 20:28:24,067 | INFO | Loaded 32,951 rows into stg_products
2026-04-10 20:28:24,068 | INFO | Loading olist_sellers_dataset.csv...
2026-04-10 20:28:24,168 | INFO | Loaded 3,095 rows into stg_sellers
2026-04-10 20:28:24,168 | INFO | Loading olist_order_payments_dataset.csv...
2026-04-10 20:28:26,868 | INFO | Loaded 103,886 rows into stg_payments
2026-04-10 20:28:26,869 | INFO | Loading olist_order_reviews_dataset.csv...
2026-04-10 20:28:27,345 | ERROR | Pipeline FAILED: ('42S22', "[42S22] [Microsoft][ODBC Driver 17 for SQL Server][SQL Server]Invalid column name 'review_comment_title'. (207) (SQLExecute); [42S22] [Microsoft][ODBC Driver 17 for SQL Server][SQL Server]Invalid column name 'review_comment_message'. (207); [42S22] [Microsoft][ODBC Driver 17 for SQL Server][SQL Server]Statement(s) could not be prepared. (8180)")
2026-04-10 20:37:40,211 | INFO | ============================================================
2026-04-10 20:37:40,212 | INFO | E-Commerce ETL Pipeline - 2026-04-10 20:37:40.212215
2026-04-10 20:37:40,212 | INFO | ============================================================
2026-04-10 20:37:40,941 | WARNING | API failed - using fallback rate 18.5
2026-04-10 20:37:41,065 | INFO | Loading staging tables...
2026-04-10 20:37:41,066 | INFO | Loading olist_orders_dataset.csv...
2026-04-10 20:37:45,043 | INFO | Loaded 99,441 rows into stg_orders
2026-04-10 20:37:45,043 | INFO | Loading olist_order_items_dataset.csv...
2026-04-10 20:37:48,789 | INFO | Loaded 112,650 rows into stg_order_items
2026-04-10 20:37:48,790 | INFO | Loading olist_customers_dataset.csv...
2026-04-10 20:37:51,704 | INFO | Loaded 99,441 rows into stg_customers
2026-04-10 20:37:51,705 | INFO | Loading olist_products_dataset.csv...
2026-04-10 20:37:52,732 | INFO | Loaded 32,951 rows into stg_products
2026-04-10 20:37:52,733 | INFO | Loading olist_sellers_dataset.csv...
2026-04-10 20:37:52,833 | INFO | Loaded 3,095 rows into stg_sellers
2026-04-10 20:37:52,834 | INFO | Loading olist_order_payments_dataset.csv...
2026-04-10 20:37:55,808 | INFO | Loaded 103,886 rows into stg_payments
2026-04-10 20:37:55,809 | INFO | Loading olist_order_reviews_dataset.csv...
2026-04-10 20:37:56,294 | ERROR | Pipeline FAILED: ('42S22', "[42S22] [Microsoft][ODBC Driver 17 for SQL Server][SQL Server]Invalid column name 'review_comment_title'. (207) (SQLExecute); [42S22] [Microsoft][ODBC Driver 17 for SQL Server][SQL Server]Invalid column name 'review_comment_message'. (207); [42S22] [Microsoft][ODBC Driver 17 for SQL Server][SQL Server]Statement(s) could not be prepared. (8180)")
2026-04-10 23:52:57,028 | INFO | ============================================================
2026-04-10 23:52:57,028 | INFO | E-Commerce ETL Pipeline - 2026-04-10 23:52:57.028918
2026-04-10 23:52:57,029 | INFO | ============================================================
2026-04-10 23:52:57,542 | WARNING | API failed - using fallback rate 18.5
2026-04-10 23:52:57,657 | INFO | Loading staging tables...
2026-04-10 23:52:57,658 | INFO | Loading olist_orders_dataset.csv...
2026-04-10 23:53:01,773 | INFO | Loaded 99,441 rows into stg_orders
2026-04-10 23:53:01,774 | INFO | Loading olist_order_items_dataset.csv...
2026-04-10 23:53:05,896 | INFO | Loaded 112,650 rows into stg_order_items
2026-04-10 23:53:05,897 | INFO | Loading olist_customers_dataset.csv...
2026-04-10 23:53:09,083 | INFO | Loaded 99,441 rows into stg_customers
2026-04-10 23:53:09,083 | INFO | Loading olist_products_dataset.csv...
2026-04-10 23:53:10,206 | INFO | Loaded 32,951 rows into stg_products
2026-04-10 23:53:10,206 | INFO | Loading olist_sellers_dataset.csv...
2026-04-10 23:53:10,349 | INFO | Loaded 3,095 rows into stg_sellers
2026-04-10 23:53:10,350 | INFO | Loading olist_order_payments_dataset.csv...
2026-04-10 23:53:13,075 | INFO | Loaded 103,886 rows into stg_payments
2026-04-10 23:53:13,075 | INFO | Loading olist_order_reviews_dataset.csv...
2026-04-10 23:53:13,581 | ERROR | Pipeline FAILED: ('42S22', "[42S22] [Microsoft][ODBC Driver 17 for SQL Server][SQL Server]Invalid column name 'review_comment_title'. (207) (SQLExecute); [42S22] [Microsoft][ODBC Driver 17 for SQL Server][SQL Server]Invalid column name 'review_comment_message'. (207); [42S22] [Microsoft][ODBC Driver 17 for SQL Server][SQL Server]Statement(s) could not be prepared. (8180)")
2026-04-11 00:05:47,686 | INFO | ============================================================
2026-04-11 00:05:47,686 | INFO | E-Commerce ETL Pipeline - 2026-04-11 00:05:47.686361
2026-04-11 00:05:47,686 | INFO | ============================================================
2026-04-11 00:05:49,398 | INFO | Live exchange rate: 1 BRL = 18.193 INR
2026-04-11 00:05:49,547 | INFO | Loading staging tables...
2026-04-11 00:05:49,548 | INFO | Loading olist_orders_dataset.csv...
2026-04-11 00:05:50,088 | ERROR | Pipeline FAILED: ('42S22', "[42S22] [Microsoft][ODBC Driver 17 for SQL Server][SQL Server]Invalid column name 'order_delivered_carrier_date'. (207) (SQLExecute); [42S22] [Microsoft][ODBC Driver 17 for SQL Server][SQL Server]Invalid column name 'order_delivered_customer_date'. (207); [42S22] [Microsoft][ODBC Driver 17 for SQL Server][SQL Server]Invalid column name 'order_estimated_delivery_date'. (207); [42S22] [Microsoft][ODBC Driver 17 for SQL Server][SQL Server]Statement(s) could not be prepared. (8180)")
2026-04-11 00:14:54,983 | INFO | ============================================================
2026-04-11 00:14:54,983 | INFO | E-Commerce ETL Pipeline - 2026-04-11 00:14:54.983906
2026-04-11 00:14:54,984 | INFO | ============================================================
2026-04-11 00:14:58,377 | INFO | Live exchange rate: 1 BRL = 18.193 INR
2026-04-11 00:14:58,546 | INFO | Loading staging tables...
2026-04-11 00:14:58,546 | INFO | Loading olist_orders_dataset.csv...
2026-04-11 00:15:01,914 | INFO | Loaded 99,441 rows into stg_orders
2026-04-11 00:15:01,914 | INFO | Loading olist_order_items_dataset.csv...
2026-04-11 00:15:05,124 | INFO | Loaded 112,650 rows into stg_order_items
2026-04-11 00:15:05,124 | INFO | Loading olist_customers_dataset.csv...
2026-04-11 00:15:07,630 | INFO | Loaded 99,441 rows into stg_customers
2026-04-11 00:15:07,630 | INFO | Loading olist_products_dataset.csv...
2026-04-11 00:15:08,612 | INFO | Loaded 32,951 rows into stg_products
2026-04-11 00:15:08,613 | INFO | Loading olist_sellers_dataset.csv...
2026-04-11 00:15:08,707 | INFO | Loaded 3,095 rows into stg_sellers
2026-04-11 00:15:08,708 | INFO | Loading olist_order_payments_dataset.csv...
2026-04-11 00:15:11,239 | INFO | Loaded 103,886 rows into stg_payments
2026-04-11 00:15:11,240 | INFO | Loading olist_order_reviews_dataset.csv...
2026-04-11 00:15:18,385 | INFO | Loaded 99,224 rows into stg_reviews
2026-04-11 00:15:18,395 | INFO | Loading dim_date...
2026-04-11 00:15:19,249 | INFO | Loaded 1,461 date rows
2026-04-11 00:15:19,250 | INFO | Loading dim_customer...
2026-04-11 00:15:19,851 | INFO | Loading dim_seller...
2026-04-11 00:15:19,875 | INFO | Loading dim_product...
2026-04-11 00:15:20,196 | INFO | Dimensions Loaded!
2026-04-11 00:15:20,197 | INFO | Loading fact_orders...
2026-04-11 00:15:28,666 | INFO | Loaded 112,650 rows into fact_orders
2026-04-11 00:15:28,666 | INFO | Pipeline Completed Successfully!
2026-04-11 05:11:04,604 | INFO | ============================================================
2026-04-11 05:11:04,604 | INFO | E-Commerce ETL Pipeline - 2026-04-11 05:11:04.604617
2026-04-11 05:11:04,604 | INFO | ============================================================
2026-04-11 05:11:06,821 | INFO | Live exchange rate: 1 BRL = 18.193 INR
2026-04-11 05:11:07,025 | INFO | Loading staging tables...
2026-04-11 05:11:07,026 | INFO | Loading olist_orders_dataset.csv...
2026-04-11 05:11:10,763 | INFO | Loaded 99,441 rows into stg_orders
2026-04-11 05:11:10,764 | INFO | Loading olist_order_items_dataset.csv...
2026-04-11 05:11:14,257 | INFO | Loaded 112,650 rows into stg_order_items
2026-04-11 05:11:14,257 | INFO | Loading olist_customers_dataset.csv...
2026-04-11 05:11:17,028 | INFO | Loaded 99,441 rows into stg_customers
2026-04-11 05:11:17,029 | INFO | Loading olist_products_dataset.csv...
2026-04-11 05:11:18,310 | INFO | Loaded 32,951 rows into stg_products
2026-04-11 05:11:18,311 | INFO | Loading olist_sellers_dataset.csv...
2026-04-11 05:11:18,426 | INFO | Loaded 3,095 rows into stg_sellers
2026-04-11 05:11:18,427 | INFO | Loading olist_order_payments_dataset.csv...
2026-04-11 05:11:21,150 | INFO | Loaded 103,886 rows into stg_payments
2026-04-11 05:11:21,150 | INFO | Loading olist_order_reviews_dataset.csv...
2026-04-11 05:11:25,263 | INFO | Loaded 99,224 rows into stg_reviews
2026-04-11 05:11:25,274 | INFO | Running Data Quality Checks...
2026-04-11 05:11:25,304 | ERROR | Pipeline FAILED: ('42000', "[42000] [Microsoft][ODBC Driver 17 for SQL Server][SQL Server]Column 'total.total_rows' is invalid in the select list because it is not contained in either an aggregate function or the GROUP BY clause. (8120) (SQLExecDirectW)")
2026-04-11 05:17:42,429 | INFO | ============================================================
2026-04-11 05:17:42,430 | INFO | E-Commerce ETL Pipeline - 2026-04-11 05:17:42.430276
2026-04-11 05:17:42,430 | INFO | ============================================================
2026-04-11 05:17:43,475 | INFO | Live exchange rate: 1 BRL = 18.193 INR
2026-04-11 05:17:43,551 | INFO | Loading staging tables...
2026-04-11 05:17:43,552 | INFO | Loading olist_orders_dataset.csv...
2026-04-11 05:17:47,555 | INFO | Loaded 99,441 rows into stg_orders
2026-04-11 05:17:47,556 | INFO | Loading olist_order_items_dataset.csv...
2026-04-11 05:17:51,112 | INFO | Loaded 112,650 rows into stg_order_items
2026-04-11 05:17:51,113 | INFO | Loading olist_customers_dataset.csv...
2026-04-11 05:17:53,972 | INFO | Loaded 99,441 rows into stg_customers
2026-04-11 05:17:53,972 | INFO | Loading olist_products_dataset.csv...
2026-04-11 05:17:54,904 | INFO | Loaded 32,951 rows into stg_products
2026-04-11 05:17:54,905 | INFO | Loading olist_sellers_dataset.csv...
2026-04-11 05:17:55,005 | INFO | Loaded 3,095 rows into stg_sellers
2026-04-11 05:17:55,006 | INFO | Loading olist_order_payments_dataset.csv...
2026-04-11 05:17:57,561 | INFO | Loaded 103,886 rows into stg_payments
2026-04-11 05:17:57,562 | INFO | Loading olist_order_reviews_dataset.csv...
2026-04-11 05:18:03,270 | INFO | Loaded 99,224 rows into stg_reviews
2026-04-11 05:18:03,281 | INFO | Running Data Quality Checks...
2026-04-11 05:18:05,729 | INFO |  HIGH | stg_orders.order_id | NULL_CHECK | Failed: 0/None | PASS
2026-04-11 05:18:05,729 | INFO | Data Quality Checks Completed!!
2026-04-11 05:18:05,729 | INFO |  HIGH | stg_orders.order_id | DUPLICATE_CHECK | Failed: 0/None | PASS
2026-04-11 05:18:05,730 | INFO | Data Quality Checks Completed!!
2026-04-11 05:18:05,730 | INFO |  HIGH | stg_orders.customer_id | NULL_CHECK | Failed: 0/None | PASS
2026-04-11 05:18:05,730 | INFO | Data Quality Checks Completed!!
2026-04-11 05:18:05,730 | INFO |  HIGH | stg_customers.customer_id | NULL_CHECK | Failed: 0/None | PASS
2026-04-11 05:18:05,730 | INFO | Data Quality Checks Completed!!
2026-04-11 05:18:05,730 | INFO |  HIGH | stg_customers.customer_unique_id | NULL_CHECK | Failed: 0/None | PASS
2026-04-11 05:18:05,731 | INFO | Data Quality Checks Completed!!
2026-04-11 05:18:05,731 | ERROR | X HIGH | stg_customers.customer_unique_id | DUPLICATE_CHECK | Failed: 2997/99441 | FAIL
2026-04-11 05:18:05,731 | ERROR | Pipeline FAILED: Stopping pipeline due to HIGH severity failures
2026-04-11 05:22:51,100 | INFO | ============================================================
2026-04-11 05:22:51,100 | INFO | E-Commerce ETL Pipeline - 2026-04-11 05:22:51.100423
2026-04-11 05:22:51,100 | INFO | ============================================================
2026-04-11 05:22:51,822 | INFO | Live exchange rate: 1 BRL = 18.193 INR
2026-04-11 05:22:51,879 | INFO | Loading staging tables...
2026-04-11 05:22:51,880 | INFO | Loading olist_orders_dataset.csv...
2026-04-11 05:22:55,387 | INFO | Loaded 99,441 rows into stg_orders
2026-04-11 05:22:55,387 | INFO | Loading olist_order_items_dataset.csv...
2026-04-11 05:22:58,991 | INFO | Loaded 112,650 rows into stg_order_items
2026-04-11 05:22:58,992 | INFO | Loading olist_customers_dataset.csv...
2026-04-11 05:23:01,743 | INFO | Loaded 99,441 rows into stg_customers
2026-04-11 05:23:01,743 | INFO | Loading olist_products_dataset.csv...
2026-04-11 05:23:02,640 | INFO | Loaded 32,951 rows into stg_products
2026-04-11 05:23:02,641 | INFO | Loading olist_sellers_dataset.csv...
2026-04-11 05:23:02,737 | INFO | Loaded 3,095 rows into stg_sellers
2026-04-11 05:23:02,738 | INFO | Loading olist_order_payments_dataset.csv...
2026-04-11 05:23:05,167 | INFO | Loaded 103,886 rows into stg_payments
2026-04-11 05:23:05,168 | INFO | Loading olist_order_reviews_dataset.csv...
2026-04-11 05:23:08,443 | INFO | Loaded 99,224 rows into stg_reviews
2026-04-11 05:23:08,451 | INFO | Running Data Quality Checks...
2026-04-11 05:23:09,812 | INFO |  HIGH | stg_orders.order_id | NULL_CHECK | Failed: 0/None | PASS
2026-04-11 05:23:09,812 | INFO | Data Quality Checks Completed!!
2026-04-11 05:23:09,812 | INFO |  HIGH | stg_orders.order_id | DUPLICATE_CHECK | Failed: 0/None | PASS
2026-04-11 05:23:09,813 | INFO | Data Quality Checks Completed!!
2026-04-11 05:23:09,813 | INFO |  HIGH | stg_orders.customer_id | NULL_CHECK | Failed: 0/None | PASS
2026-04-11 05:23:09,813 | INFO | Data Quality Checks Completed!!
2026-04-11 05:23:09,814 | INFO |  HIGH | stg_customers.customer_id | NULL_CHECK | Failed: 0/None | PASS
2026-04-11 05:23:09,814 | INFO | Data Quality Checks Completed!!
2026-04-11 05:23:09,814 | INFO |  HIGH | stg_customers.customer_unique_id | NULL_CHECK | Failed: 0/None | PASS
2026-04-11 05:23:09,814 | INFO | Data Quality Checks Completed!!
2026-04-11 05:23:09,815 | INFO |  HIGH | stg_order_items.order_id | NULL_CHECK | Failed: 0/None | PASS
2026-04-11 05:23:09,815 | INFO | Data Quality Checks Completed!!
2026-04-11 05:23:09,815 | INFO |  HIGH | stg_order_items.product_id | NULL_CHECK | Failed: 0/None | PASS
2026-04-11 05:23:09,816 | INFO | Data Quality Checks Completed!!
2026-04-11 05:23:09,816 | INFO |  HIGH | stg_order_items.product_id | NULL_CHECK | Failed: 0/None | PASS
2026-04-11 05:23:09,816 | INFO | Data Quality Checks Completed!!
2026-04-11 05:23:09,816 | INFO |  HIGH | stg_order_items.product_id | NULL_CHECK | Failed: 0/None | PASS
2026-04-11 05:23:09,816 | INFO | Data Quality Checks Completed!!
2026-04-11 05:23:09,817 | INFO | Loading dim_date...
2026-04-11 05:23:14,045 | ERROR | Pipeline FAILED: ('23000', '[23000] [Microsoft][ODBC Driver 17 for SQL Server][SQL Server]The DELETE statement conflicted with the REFERENCE constraint "FK__fact_orde__date___5AEE82B9". The conflict occurred in database "Ecommerce_Analytics", table "dbo.fact_orders", column \'date_sk\'. (547) (SQLExecDirectW); [23000] [Microsoft][ODBC Driver 17 for SQL Server][SQL Server]The statement has been terminated. (3621)')
2026-04-11 05:30:18,708 | INFO | ============================================================
2026-04-11 05:30:18,708 | INFO | E-Commerce ETL Pipeline - 2026-04-11 05:30:18.708534
2026-04-11 05:30:18,708 | INFO | ============================================================
2026-04-11 05:30:29,841 | WARNING | API error: HTTPSConnectionPool(host='v6.exchangerate-api.com', port=443): Max retries exceeded with url: /v6/90213c8ddbd50987b3c3957c/pair/BRL/INR (Caused by NameResolutionError("HTTPSConnection(host='v6.exchangerate-api.com', port=443): Failed to resolve 'v6.exchangerate-api.com' ([Errno 11001] getaddrinfo failed)")) - using fallback 18.5
2026-04-11 05:30:29,916 | INFO | Loading staging tables...
2026-04-11 05:30:29,917 | INFO | Loading olist_orders_dataset.csv...
2026-04-11 05:30:33,526 | INFO | Loaded 99,441 rows into stg_orders
2026-04-11 05:30:33,527 | INFO | Loading olist_order_items_dataset.csv...
2026-04-11 05:30:37,541 | INFO | Loaded 112,650 rows into stg_order_items
2026-04-11 05:30:37,542 | INFO | Loading olist_customers_dataset.csv...
2026-04-11 05:30:40,232 | INFO | Loaded 99,441 rows into stg_customers
2026-04-11 05:30:40,232 | INFO | Loading olist_products_dataset.csv...
2026-04-11 05:30:41,201 | INFO | Loaded 32,951 rows into stg_products
2026-04-11 05:30:41,202 | INFO | Loading olist_sellers_dataset.csv...
2026-04-11 05:30:41,305 | INFO | Loaded 3,095 rows into stg_sellers
2026-04-11 05:30:41,306 | INFO | Loading olist_order_payments_dataset.csv...
2026-04-11 05:30:43,995 | INFO | Loaded 103,886 rows into stg_payments
2026-04-11 05:30:43,996 | INFO | Loading olist_order_reviews_dataset.csv...
2026-04-11 05:30:47,516 | INFO | Loaded 99,224 rows into stg_reviews
2026-04-11 05:30:47,526 | INFO | Running Data Quality Checks...
2026-04-11 05:30:48,894 | INFO |  HIGH | stg_orders.order_id | NULL_CHECK | Failed: 0/None | PASS
2026-04-11 05:30:48,894 | INFO | Data Quality Checks Completed!!
2026-04-11 05:30:48,895 | INFO |  HIGH | stg_orders.order_id | DUPLICATE_CHECK | Failed: 0/None | PASS
2026-04-11 05:30:48,895 | INFO | Data Quality Checks Completed!!
2026-04-11 05:30:48,895 | INFO |  HIGH | stg_orders.customer_id | NULL_CHECK | Failed: 0/None | PASS
2026-04-11 05:30:48,895 | INFO | Data Quality Checks Completed!!
2026-04-11 05:30:48,895 | INFO |  HIGH | stg_customers.customer_id | NULL_CHECK | Failed: 0/None | PASS
2026-04-11 05:30:48,896 | INFO | Data Quality Checks Completed!!
2026-04-11 05:30:48,896 | INFO |  HIGH | stg_customers.customer_unique_id | NULL_CHECK | Failed: 0/None | PASS
2026-04-11 05:30:48,896 | INFO | Data Quality Checks Completed!!
2026-04-11 05:30:48,896 | INFO |  HIGH | stg_order_items.order_id | NULL_CHECK | Failed: 0/None | PASS
2026-04-11 05:30:48,896 | INFO | Data Quality Checks Completed!!
2026-04-11 05:30:48,897 | INFO |  HIGH | stg_order_items.product_id | NULL_CHECK | Failed: 0/None | PASS
2026-04-11 05:30:48,897 | INFO | Data Quality Checks Completed!!
2026-04-11 05:30:48,897 | INFO |  HIGH | stg_order_items.product_id | NULL_CHECK | Failed: 0/None | PASS
2026-04-11 05:30:48,897 | INFO | Data Quality Checks Completed!!
2026-04-11 05:30:48,897 | INFO |  HIGH | stg_order_items.product_id | NULL_CHECK | Failed: 0/None | PASS
2026-04-11 05:30:48,897 | INFO | Data Quality Checks Completed!!
2026-04-11 05:30:48,898 | INFO | Clearing fact tables...
2026-04-11 05:30:49,187 | INFO | Loading dim_date...
2026-04-11 05:30:49,730 | INFO | Loaded 1,461 date rows
2026-04-11 05:30:49,731 | INFO | Loading dim_customer...
2026-04-11 05:30:50,494 | INFO | Loading dim_seller...
2026-04-11 05:30:50,538 | INFO | Loading dim_product...
2026-04-11 05:30:50,907 | INFO | Dimensions Loaded!
2026-04-11 05:30:50,908 | INFO | Loading fact_orders...
2026-04-11 05:30:57,888 | INFO | Loaded 112,650 rows into fact_orders
2026-04-11 05:30:57,888 | INFO | Pipeline Completed Successfully.
2026-04-11 23:50:36,978 | INFO | ============================================================
2026-04-11 23:50:36,979 | INFO | E-Commerce ETL Pipeline - 2026-04-11 23:50:36.979573
2026-04-11 23:50:36,979 | INFO | ============================================================
2026-04-11 23:50:37,930 | INFO | Live exchange rate: 1 BRL = 18.333 INR
2026-04-11 23:50:38,143 | INFO | Loading staging tables...
2026-04-11 23:50:38,143 | INFO | Loading olist_orders_dataset.csv...
2026-04-11 23:50:41,705 | INFO | Loaded 99,441 rows into stg_orders
2026-04-11 23:50:41,705 | INFO | Loading olist_order_items_dataset.csv...
2026-04-11 23:50:46,510 | INFO | Loaded 112,650 rows into stg_order_items
2026-04-11 23:50:46,512 | INFO | Loading olist_customers_dataset.csv...
2026-04-11 23:50:52,912 | INFO | Loaded 99,441 rows into stg_customers
2026-04-11 23:50:52,913 | INFO | Loading olist_products_dataset.csv...
2026-04-11 23:50:55,213 | INFO | Loaded 32,951 rows into stg_products
2026-04-11 23:50:55,214 | INFO | Loading olist_sellers_dataset.csv...
2026-04-11 23:50:56,149 | INFO | Loaded 3,095 rows into stg_sellers
2026-04-11 23:50:56,150 | INFO | Loading olist_order_payments_dataset.csv...
2026-04-11 23:51:10,889 | INFO | Loaded 103,886 rows into stg_payments
2026-04-11 23:51:10,890 | INFO | Loading olist_order_reviews_dataset.csv...
2026-04-11 23:51:26,977 | INFO | Loaded 99,224 rows into stg_reviews
2026-04-11 23:51:26,996 | INFO | Running Data Quality Checks...
2026-04-11 23:51:38,413 | INFO |  HIGH | stg_orders.order_id | NULL_CHECK | Failed: 0/None | PASS
2026-04-11 23:51:38,434 | INFO | Data Quality Checks Completed!!
2026-04-11 23:51:38,434 | INFO |  HIGH | stg_orders.order_id | DUPLICATE_CHECK | Failed: 0/None | PASS
2026-04-11 23:51:38,434 | INFO | Data Quality Checks Completed!!
2026-04-11 23:51:38,435 | INFO |  HIGH | stg_orders.customer_id | NULL_CHECK | Failed: 0/None | PASS
2026-04-11 23:51:38,435 | INFO | Data Quality Checks Completed!!
2026-04-11 23:51:38,436 | INFO |  HIGH | stg_customers.customer_id | NULL_CHECK | Failed: 0/None | PASS
2026-04-11 23:51:38,437 | INFO | Data Quality Checks Completed!!
2026-04-11 23:51:38,492 | INFO |  HIGH | stg_customers.customer_unique_id | NULL_CHECK | Failed: 0/None | PASS
2026-04-11 23:51:38,511 | INFO | Data Quality Checks Completed!!
2026-04-11 23:51:38,527 | INFO |  HIGH | stg_order_items.order_id | NULL_CHECK | Failed: 0/None | PASS
2026-04-11 23:51:38,533 | INFO | Data Quality Checks Completed!!
2026-04-11 23:51:38,539 | INFO |  HIGH | stg_order_items.product_id | NULL_CHECK | Failed: 0/None | PASS
2026-04-11 23:51:38,543 | INFO | Data Quality Checks Completed!!
2026-04-11 23:51:38,543 | INFO |  HIGH | stg_order_items.product_id | NULL_CHECK | Failed: 0/None | PASS
2026-04-11 23:51:38,544 | INFO | Data Quality Checks Completed!!
2026-04-11 23:51:38,549 | INFO |  HIGH | stg_order_items.product_id | NULL_CHECK | Failed: 0/None | PASS
2026-04-11 23:51:38,553 | INFO | Data Quality Checks Completed!!
2026-04-11 23:51:38,555 | INFO | Clearing fact tables...
2026-04-11 23:51:41,301 | INFO | Loading dim_date...
2026-04-11 23:51:43,225 | INFO | Loaded 1,461 date rows
2026-04-11 23:51:43,227 | INFO | Loading dim_customer...
2026-04-11 23:51:48,132 | INFO | Loading dim_seller...
2026-04-11 23:51:48,422 | INFO | Loading dim_product...
2026-04-11 23:51:49,460 | INFO | Dimensions Loaded!
2026-04-11 23:51:49,461 | INFO | Loading fact_orders...
2026-04-11 23:52:12,476 | INFO | Loaded 112,650 rows into fact_orders
2026-04-11 23:52:12,477 | INFO | Pipeline Completed Successfully.
